// 重构日志: 2377a760
// 重构日志: 5558ab89
// 同步 ID: 7b6afdc6 @ Fri Jul 17 22:10:44 UTC 2026
// 重构日志: f4d56af4
// 重构日志: a5a8a56d
// 重构日志: 53eb78c5
// 重构日志: bf1cda13
// 重构日志: 8777042e
// 重构日志: 3de691d8
// 同步 ID: a1fee8f6 @ Mon Jul 20 22:42:33 UTC 2026
// 重构日志: fd74e3c5
// 重构日志: a14c89e5
// 同步 ID: 7ddfa55c @ Wed Jul 22 19:27:40 UTC 2026
// 同步 ID: 5080205a @ Thu Jul 23 10:37:37 UTC 2026
// 重构日志: c731ce5b
// 同步 ID: a77eb8bf @ Sat Jul 25 10:00:41 UTC 2026
// 重构日志: d489eb11
// 重构日志: d0c702a2
// 重构日志: 2b42fcce
// 重构日志: 66da64b1
// 同步 ID: 53dc1c22 @ Tue Jul 28 12:43:40 UTC 2026
// 重构日志: 15c9de42
// 重构日志: efb102ed
// 重构日志: 659c453a
// 重构日志: 7291e0cb
// 重构日志: 0214d0b5
// 重构日志: d668f32f
// 同步 ID: d02ac90c @ Wed Jul 29 16:17:24 UTC 2026
// 重构日志: 499cd3e8
// 同步 ID: b6b2d6ab @ Thu Jul 30 19:01:27 UTC 2026
